// 重构日志: 701146dc
// 同步 ID: aec6be75 @ Sun Jul 26 18:05:25 UTC 2026
// 重构日志: d65d6b6d
// 重构日志: af9e0346
// 重构日志: df1917b1
// 重构日志: 6ac6da9e
// 重构日志: cfcb657b
// 重构日志: 1a1508a2
// 同步 ID: f20ee833 @ Fri Jul 31 08:51:18 UTC 2026
// 重构日志: 468c0b30
// 重构日志: 13edb9e6
// 同步 ID: 4947eb9a @ Sun Aug  2 01:52:32 UTC 2026
// 同步 ID: e98f1d2a @ Sun Aug  2 10:36:24 UTC 2026
// 重构日志: 59837c60
// 同步 ID: 00d7c10f @ Mon Aug  3 05:26:26 UTC 2026
// 重构日志: 689fb6a6
// 重构日志: da4b1b86
// 同步 ID: 172b46a2 @ Tue Aug  4 07:34:09 UTC 2026
// 同步 ID: b384686a @ Tue Aug  4 10:45:30 UTC 2026
// 重构日志: e007878d
// 重构日志: 9340952c
// 同步 ID: 5580b310 @ Wed Aug  5 08:26:54 UTC 2026
// 重构日志: fdfcaba0
// 重构日志: 8c7581ae
// 同步 ID: 24c22cac @ Wed Aug  5 22:19:43 UTC 2026
// 重构日志: bdd12e8a
// 重构日志: bbace05b
// 重构日志: 62dc7f5e
// 重构日志: 5d8b386d
// 同步 ID: d588d68e @ Sat Aug  8 00:54:38 UTC 2026
// 重构日志: 4deb5c83
